Collecting voxcpm
  Downloading voxcpm-2.0.3-py3-none-any.whl.metadata (30 kB)
Collecting soundfile
  Downloading soundfile-0.14.0-py2.py3-none-manylinux_2_28_x86_64.whl.metadata (18 kB)
Collecting torch>=2.5.0 (from voxcpm)
  Downloading torch-2.13.0-cp311-cp311-manylinux_2_28_x86_64.whl.metadata (38 kB)
Collecting torchaudio>=2.5.0 (from voxcpm)
  Downloading torchaudio-2.11.0-cp311-cp311-manylinux_2_28_x86_64.whl.metadata (6.9 kB)
Collecting torchcodec (from voxcpm)
  Downloading torchcodec-0.16.0-cp311-cp311-manylinux_2_27_x86_64.manylinux_2_28_x86_64.whl.metadata (9.7 kB)
Collecting transformers>=4.36.2 (from voxcpm)
  Downloading transformers-5.15.0-py3-none-any.whl.metadata (32 kB)
Collecting einops (from voxcpm)
  Downloading einops-0.8.2-py3-none-any.whl.metadata (13 kB)
Collecting gradio<7,>=6 (from voxcpm)
  Downloading gradio-6.24.0-py3-none-any.whl.metadata (17 kB)
Collecting inflect (from voxcpm)
  Downloading inflect-7.5.0-py3-none-any.whl.metadata (24 kB)
Collecting addict (from voxcpm)
  Downloading addict-2.4.0-py3-none-any.whl.metadata (1.0 kB)
Collecting wetext (from voxcpm)
  Downloading wetext-0.1.6-py3-none-any.whl.metadata (5.9 kB)
Collecting modelscope>=1.22.0 (from voxcpm)
  Downloading modelscope-1.39.1-py3-none-any.whl.metadata (43 kB)
Collecting datasets<4,>=3 (from voxcpm)
  Downloading datasets-3.6.0-py3-none-any.whl.metadata (19 kB)
Collecting huggingface-hub (from voxcpm)
  Downloading huggingface_hub-1.27.0-py3-none-any.whl.metadata (16 kB)
Collecting pydantic (from voxcpm)
  Downloading pydantic-2.13.4-py3-none-any.whl.metadata (109 kB)
Collecting tqdm (from voxcpm)
  Downloading tqdm-4.70.0-py3-none-any.whl.metadata (57 kB)
Collecting simplejson (from voxcpm)
  Downloading simplejson-4.1.1-cp311-cp311-manylinux1_x86_64.manylinux_2_28_x86_64.manylinux_2_5_x86_64.whl.metadata (3.8 kB)
Collecting sortedcontainers (from voxcpm)
  Downloading sortedcontainers-2.4.0-py2.py3-none-any.whl.metadata (10 kB)
Collecting librosa (from voxcpm)
  Downloading librosa-0.11.0-py3-none-any.whl.metadata (8.7 kB)
Collecting matplotlib (from voxcpm)
  Downloading matplotlib-3.11.1-cp311-cp311-manylinux2014_x86_64.manylinux_2_17_x86_64.whl.metadata (80 kB)
Collecting funasr (from voxcpm)
  Downloading funasr-1.4.2-py3-none-any.whl.metadata (36 kB)
Collecting spaces (from voxcpm)
  Downloading spaces-0.51.1-py3-none-any.whl.metadata (633 bytes)
Collecting argbind (from voxcpm)
  Downloading argbind-0.3.9.tar.gz (17 kB)
  Installing build dependencies: started
  Installing build dependencies: finished with status 'done'
  Getting requirements to build wheel: started
  Getting requirements to build wheel: finished with status 'done'
  Preparing metadata (pyproject.toml): started
  Preparing metadata (pyproject.toml): finished with status 'done'
Collecting safetensors (from voxcpm)
  Downloading safetensors-0.8.0-cp310-abi3-manylinux_2_17_x86_64.manylinux2014_x86_64.whl.metadata (4.2 kB)
Collecting filelock (from datasets<4,>=3->voxcpm)
  Downloading filelock-3.32.3-py3-none-any.whl.metadata (2.0 kB)
Collecting numpy>=1.17 (from datasets<4,>=3->voxcpm)
  Downloading numpy-2.4.6-cp311-cp311-manylinux_2_27_x86_64.manylinux_2_28_x86_64.whl.metadata (6.6 kB)
Collecting pyarrow>=15.0.0 (from datasets<4,>=3->voxcpm)
  Downloading pyarrow-25.0.1-cp311-cp311-manylinux_2_28_x86_64.whl.metadata (3.0 kB)
Collecting dill<0.3.9,>=0.3.0 (from datasets<4,>=3->voxcpm)
  Downloading dill-0.3.8-py3-none-any.whl.metadata (10 kB)
Collecting pandas (from datasets<4,>=3->voxcpm)
  Downloading pandas-3.0.5-cp311-cp311-manylinux_2_24_x86_64.manylinux_2_28_x86_64.whl.metadata (79 kB)
Collecting requests>=2.32.2 (from datasets<4,>=3->voxcpm)
  Downloading requests-2.34.2-py3-none-any.whl.metadata (4.8 kB)
Collecting xxhash (from datasets<4,>=3->voxcpm)
  Downloading xxhash-4.0.1-cp311-cp311-manylinux2014_x86_64.manylinux_2_17_x86_64.manylinux_2_28_x86_64.whl.metadata (17 kB)
Collecting multiprocess<0.70.17 (from datasets<4,>=3->voxcpm)
  Downloading multiprocess-0.70.16-py311-none-any.whl.metadata (7.2 kB)
Collecting fsspec<=2025.3.0,>=2023.1.0 (from fsspec[http]<=2025.3.0,>=2023.1.0->datasets<4,>=3->voxcpm)
  Downloading fsspec-2025.3.0-py3-none-any.whl.metadata (11 kB)
Collecting packaging (from datasets<4,>=3->voxcpm)
  Downloading packaging-26.3-py3-none-any.whl.metadata (3.5 kB)
Collecting pyyaml>=5.1 (from datasets<4,>=3->voxcpm)
  Downloading pyyaml-6.0.3-cp311-cp311-manylinux2014_x86_64.manylinux_2_17_x86_64.manylinux_2_28_x86_64.whl.metadata (2.4 kB)
Collecting aiohttp!=4.0.0a0,!=4.0.0a1 (from fsspec[http]<=2025.3.0,>=2023.1.0->datasets<4,>=3->voxcpm)
  Downloading aiohttp-3.14.3-cp311-cp311-manylinux2014_x86_64.manylinux_2_17_x86_64.manylinux_2_28_x86_64.whl.metadata (8.3 kB)
Collecting anyio<5.0,>=3.0 (from gradio<7,>=6->voxcpm)
  Downloading anyio-4.14.2-py3-none-any.whl.metadata (4.6 kB)
Collecting brotli>=1.1.0 (from gradio<7,>=6->voxcpm)
  Downloading brotli-1.2.0-cp311-cp311-manylinux2014_x86_64.manylinux_2_17_x86_64.whl.metadata (6.1 kB)
Collecting fastapi<1.0,>=0.115.2 (from gradio<7,>=6->voxcpm)
  Downloading fastapi-0.141.1-py3-none-any.whl.metadata (27 kB)
Collecting gradio-client==2.6.0 (from gradio<7,>=6->voxcpm)
  Downloading gradio_client-2.6.0-py3-none-any.whl.metadata (7.1 kB)
Collecting groovy~=0.1 (from gradio<7,>=6->voxcpm)
  Downloading groovy-0.1.2-py3-none-any.whl.metadata (6.1 kB)
Collecting hf-gradio<1.0,>=0.4.1 (from gradio<7,>=6->voxcpm)
  Downloading hf_gradio-0.4.1-py3-none-any.whl.metadata (428 bytes)
Collecting httpx<1.0,>=0.24.1 (from gradio<7,>=6->voxcpm)
  Downloading httpx-0.28.1-py3-none-any.whl.metadata (7.1 kB)
Collecting jinja2<4.0 (from gradio<7,>=6->voxcpm)
  Downloading jinja2-3.1.6-py3-none-any.whl.metadata (2.9 kB)
Collecting markupsafe<4.0,>=2.0 (from gradio<7,>=6->voxcpm)
  Downloading markupsafe-3.0.3-cp311-cp311-manylinux2014_x86_64.manylinux_2_17_x86_64.manylinux_2_28_x86_64.whl.metadata (2.7 kB)
Collecting orjson~=3.0 (from gradio<7,>=6->voxcpm)
  Downloading orjson-3.12.0-cp311-cp311-manylinux_2_17_x86_64.manylinux2014_x86_64.whl.metadata (41 kB)
Collecting pillow<13.0,>=8.0 (from gradio<7,>=6->voxcpm)
  Downloading pillow-12.3.0-cp311-cp311-manylinux_2_27_x86_64.manylinux_2_28_x86_64.whl.metadata (9.1 kB)
Collecting pydub<1.0 (from gradio<7,>=6->voxcpm)
  Downloading pydub-0.25.1-py2.py3-none-any.whl.metadata (1.4 kB)
Collecting python-multipart<1.0,>=0.0.18 (from gradio<7,>=6->voxcpm)
  Downloading python_multipart-0.0.32-py3-none-any.whl.metadata (2.1 kB)
Collecting pytz>=2017.2 (from gradio<7,>=6->voxcpm)
  Downloading pytz-2026.3.post1-py2.py3-none-any.whl.metadata (22 kB)
Collecting safehttpx<0.2.0,>=0.1.7 (from gradio<7,>=6->voxcpm)
  Downloading safehttpx-0.1.7-py3-none-any.whl.metadata (4.2 kB)
Collecting semantic-version~=2.0 (from gradio<7,>=6->voxcpm)
  Downloading semantic_version-2.10.0-py2.py3-none-any.whl.metadata (9.7 kB)
Collecting starlette<2.0,>=1.0.1 (from gradio<7,>=6->voxcpm)
  Downloading starlette-1.6.0-py3-none-any.whl.metadata (6.4 kB)
Collecting tomlkit<0.15.0,>=0.12.0 (from gradio<7,>=6->voxcpm)
  Downloading tomlkit-0.14.0-py3-none-any.whl.metadata (2.8 kB)
Collecting typer<1.0,>=0.12 (from gradio<7,>=6->voxcpm)
  Downloading typer-0.27.1-py3-none-any.whl.metadata (16 kB)
Collecting typing-extensions~=4.0 (from gradio<7,>=6->voxcpm)
  Downloading typing_extensions-4.16.0-py3-none-any.whl.metadata (3.3 kB)
Collecting uvicorn>=0.14.0 (from gradio<7,>=6->voxcpm)
  Downloading uvicorn-0.52.3-py3-none-any.whl.metadata (6.6 kB)
Collecting idna>=2.8 (from anyio<5.0,>=3.0->gradio<7,>=6->voxcpm)
  Downloading idna-3.19-py3-none-any.whl.metadata (9.2 kB)
Collecting typing-inspection>=0.4.2 (from fastapi<1.0,>=0.115.2->gradio<7,>=6->voxcpm)
  Downloading typing_inspection-0.4.4-py3-none-any.whl.metadata (2.6 kB)
Collecting annotated-doc>=0.0.2 (from fastapi<1.0,>=0.115.2->gradio<7,>=6->voxcpm)
  Downloading annotated_doc-0.0.5-py3-none-any.whl.metadata (6.5 kB)
Collecting certifi (from httpx<1.0,>=0.24.1->gradio<7,>=6->voxcpm)
  Downloading certifi-2026.7.22-py3-none-any.whl.metadata (2.5 kB)
Collecting httpcore==1.* (from httpx<1.0,>=0.24.1->gradio<7,>=6->voxcpm)
  Downloading httpcore-1.0.9-py3-none-any.whl.metadata (21 kB)
Collecting h11>=0.16 (from httpcore==1.*->httpx<1.0,>=0.24.1->gradio<7,>=6->voxcpm)
  Downloading h11-0.16.0-py3-none-any.whl.metadata (8.3 kB)
Collecting click<9.0.0,>=8.4.2 (from huggingface-hub->voxcpm)
  Downloading click-8.4.2-py3-none-any.whl.metadata (2.6 kB)
Collecting hf-xet<2.0.0,>=1.5.2 (from huggingface-hub->voxcpm)
  Downloading hf_xet-1.6.0-cp38-abi3-manylinux2014_x86_64.manylinux_2_17_x86_64.whl.metadata (4.9 kB)
Collecting python-dateutil>=2.8.2 (from pandas->datasets<4,>=3->voxcpm)
  Downloading python_dateutil-2.9.0.post0-py2.py3-none-any.whl.metadata (8.4 kB)
Collecting annotated-types>=0.6.0 (from pydantic->voxcpm)
  Downloading annotated_types-0.8.0-py3-none-any.whl.metadata (15 kB)
Collecting pydantic-core==2.46.4 (from pydantic->voxcpm)
  Downloading pydantic_core-2.46.4-cp311-cp311-manylinux_2_17_x86_64.manylinux2014_x86_64.whl.metadata (6.6 kB)
Collecting shellingham>=1.3.0 (from typer<1.0,>=0.12->gradio<7,>=6->voxcpm)
  Downloading shellingham-1.5.4-py2.py3-none-any.whl.metadata (3.5 kB)
Collecting rich>=13.8.0 (from typer<1.0,>=0.12->gradio<7,>=6->voxcpm)
  Downloading rich-15.0.0-py3-none-any.whl.metadata (18 kB)
Collecting cffi>=1.0 (from soundfile)
  Downloading cffi-2.1.1-cp311-cp311-manylinux2014_x86_64.manylinux_2_17_x86_64.whl.metadata (2.5 kB)
Collecting aiohappyeyeballs>=2.5.0 (from aiohttp!=4.0.0a0,!=4.0.0a1->fsspec[http]<=2025.3.0,>=2023.1.0->datasets<4,>=3->voxcpm)
  Downloading aiohappyeyeballs-2.7.1-py3-none-any.whl.metadata (5.9 kB)
Collecting aiosignal>=1.4.0 (from aiohttp!=4.0.0a0,!=4.0.0a1->fsspec[http]<=2025.3.0,>=2023.1.0->datasets<4,>=3->voxcpm)
  Downloading aiosignal-1.4.0-py3-none-any.whl.metadata (3.7 kB)
Collecting attrs>=17.3.0 (from aiohttp!=4.0.0a0,!=4.0.0a1->fsspec[http]<=2025.3.0,>=2023.1.0->datasets<4,>=3->voxcpm)
  Downloading attrs-26.1.0-py3-none-any.whl.metadata (8.8 kB)
Collecting frozenlist>=1.1.1 (from aiohttp!=4.0.0a0,!=4.0.0a1->fsspec[http]<=2025.3.0,>=2023.1.0->datasets<4,>=3->voxcpm)
  Downloading frozenlist-1.8.0-cp311-cp311-manylinux1_x86_64.manylinux_2_28_x86_64.manylinux_2_5_x86_64.whl.metadata (20 kB)
Collecting multidict<7.0,>=4.5 (from aiohttp!=4.0.0a0,!=4.0.0a1->fsspec[http]<=2025.3.0,>=2023.1.0->datasets<4,>=3->voxcpm)
  Downloading multidict-6.7.1-cp311-cp311-manylinux2014_x86_64.manylinux_2_17_x86_64.manylinux_2_28_x86_64.whl.metadata (5.3 kB)
Collecting propcache>=0.2.0 (from aiohttp!=4.0.0a0,!=4.0.0a1->fsspec[http]<=2025.3.0,>=2023.1.0->datasets<4,>=3->voxcpm)
  Downloading propcache-0.5.2-cp311-cp311-manylinux2014_x86_64.manylinux_2_17_x86_64.manylinux_2_28_x86_64.whl.metadata (16 kB)
Collecting yarl<2.0,>=1.17.0 (from aiohttp!=4.0.0a0,!=4.0.0a1->fsspec[http]<=2025.3.0,>=2023.1.0->datasets<4,>=3->voxcpm)
  Downloading yarl-1.24.5-cp311-cp311-manylinux2014_x86_64.manylinux_2_17_x86_64.manylinux_2_28_x86_64.whl.metadata (103 kB)
Collecting pycparser (from cffi>=1.0->soundfile)
  Downloading pycparser-3.0-py3-none-any.whl.metadata (8.2 kB)
Collecting modelscope-hub>=0.2.0 (from modelscope>=1.22.0->voxcpm)
  Downloading modelscope_hub-0.2.0-py3-none-any.whl.metadata (32 kB)
Requirement already satisfied: setuptools in /opt/hostedtoolcache/Python/3.11.15/x64/lib/python3.11/site-packages (from modelscope>=1.22.0->voxcpm) (79.0.1)
Collecting urllib3>=1.26 (from modelscope>=1.22.0->voxcpm)
  Downloading urllib3-2.7.0-py3-none-any.whl.metadata (6.9 kB)
Collecting six>=1.5 (from python-dateutil>=2.8.2->pandas->datasets<4,>=3->voxcpm)
  Downloading six-1.17.0-py2.py3-none-any.whl.metadata (1.7 kB)
Collecting charset_normalizer<4,>=2 (from requests>=2.32.2->datasets<4,>=3->voxcpm)
  Downloading charset_normalizer-3.5.1-cp311-cp311-manylinux2014_x86_64.manylinux_2_17_x86_64.manylinux_2_28_x86_64.whl.metadata (45 kB)
Collecting markdown-it-py>=2.2.0 (from rich>=13.8.0->typer<1.0,>=0.12->gradio<7,>=6->voxcpm)
  Downloading markdown_it_py-4.2.0-py3-none-any.whl.metadata (7.4 kB)
Collecting pygments<3.0.0,>=2.13.0 (from rich>=13.8.0->typer<1.0,>=0.12->gradio<7,>=6->voxcpm)
  Downloading pygments-2.21.0-py3-none-any.whl.metadata (2.5 kB)
Collecting mdurl~=0.1 (from markdown-it-py>=2.2.0->rich>=13.8.0->typer<1.0,>=0.12->gradio<7,>=6->voxcpm)
  Downloading mdurl-0.1.2-py3-none-any.whl.metadata (1.6 kB)
Collecting sympy>=1.13.3 (from torch>=2.5.0->voxcpm)
  Downloading sympy-1.14.0-py3-none-any.whl.metadata (12 kB)
Collecting networkx>=2.5.1 (from torch>=2.5.0->voxcpm)
  Downloading networkx-3.6.1-py3-none-any.whl.metadata (6.8 kB)
Collecting cuda-toolkit==13.0.3 (from cuda-toolkit[cublas,cudart,cufft,cufile,cupti,curand,cusolver,cusparse,nvjitlink,nvrtc,nvtx]==13.0.3; platform_system == "Linux"->torch>=2.5.0->voxcpm)
  Downloading cuda_toolkit-13.0.3.0-py2.py3-none-any.whl.metadata (17 kB)
Collecting cuda-bindings<14,>=13.0.3 (from torch>=2.5.0->voxcpm)
  Downloading cuda_bindings-13.3.1-cp311-cp311-manylinux_2_24_x86_64.manylinux_2_28_x86_64.whl.metadata (2.5 kB)
Collecting nvidia-cudnn-cu13==9.20.0.48 (from torch>=2.5.0->voxcpm)
  Downloading nvidia_cudnn_cu13-9.20.0.48-py3-none-manylinux_2_27_x86_64.whl.metadata (1.9 kB)
Collecting nvidia-cusparselt-cu13==0.8.1 (from torch>=2.5.0->voxcpm)
  Downloading nvidia_cusparselt_cu13-0.8.1-py3-none-manylinux2014_x86_64.whl.metadata (12 kB)
Collecting nvidia-nccl-cu13==2.29.7 (from torch>=2.5.0->voxcpm)
  Downloading nvidia_nccl_cu13-2.29.7-py3-none-manylinux_2_18_x86_64.whl.metadata (2.1 kB)
Collecting nvidia-nvshmem-cu13==3.4.5 (from torch>=2.5.0->voxcpm)
  Downloading nvidia_nvshmem_cu13-3.4.5-py3-none-manylinux2014_x86_64.manylinux_2_17_x86_64.whl.metadata (2.1 kB)
Collecting triton==3.7.1 (from torch>=2.5.0->voxcpm)
  Downloading triton-3.7.1-cp311-cp311-manylinux_2_27_x86_64.manylinux_2_28_x86_64.whl.metadata (1.7 kB)
Collecting nvidia-cublas==13.1.1.3.* (from cuda-toolkit[cublas,cudart,cufft,cufile,cupti,curand,cusolver,cusparse,nvjitlink,nvrtc,nvtx]==13.0.3; platform_system == "Linux"->torch>=2.5.0->voxcpm)
  Downloading nvidia_cublas-13.1.1.3-py3-none-manylinux_2_27_x86_64.whl.metadata (1.8 kB)
Collecting nvidia-cuda-nvrtc==13.0.88.* (from cuda-toolkit[cublas,cudart,cufft,cufile,cupti,curand,cusolver,cusparse,nvjitlink,nvrtc,nvtx]==13.0.3; platform_system == "Linux"->torch>=2.5.0->voxcpm)
  Downloading nvidia_cuda_nvrtc-13.0.88-py3-none-manylinux2010_x86_64.manylinux_2_12_x86_64.whl.metadata (1.7 kB)
Collecting nvidia-cuda-runtime==13.0.96.* (from cuda-toolkit[cublas,cudart,cufft,cufile,cupti,curand,cusolver,cusparse,nvjitlink,nvrtc,nvtx]==13.0.3; platform_system == "Linux"->torch>=2.5.0->voxcpm)
  Downloading nvidia_cuda_runtime-13.0.96-py3-none-manylinux2014_x86_64.manylinux_2_17_x86_64.whl.metadata (1.7 kB)
Collecting nvidia-cufft==12.0.0.61.* (from cuda-toolkit[cublas,cudart,cufft,cufile,cupti,curand,cusolver,cusparse,nvjitlink,nvrtc,nvtx]==13.0.3; platform_system == "Linux"->torch>=2.5.0->voxcpm)
  Downloading nvidia_cufft-12.0.0.61-py3-none-manylinux2014_x86_64.manylinux_2_17_x86_64.whl.metadata (1.8 kB)
Collecting nvidia-nvjitlink<14,>=13.0.88 (from cuda-toolkit[cublas,cudart,cufft,cufile,cupti,curand,cusolver,cusparse,nvjitlink,nvrtc,nvtx]==13.0.3; platform_system == "Linux"->torch>=2.5.0->voxcpm)
  Downloading nvidia_nvjitlink-13.3.33-py3-none-manylinux2010_x86_64.manylinux_2_12_x86_64.whl.metadata (1.8 kB)
Collecting nvidia-cufile==1.15.1.6.* (from cuda-toolkit[cublas,cudart,cufft,cufile,cupti,curand,cusolver,cusparse,nvjitlink,nvrtc,nvtx]==13.0.3; platform_system == "Linux"->torch>=2.5.0->voxcpm)
  Downloading nvidia_cufile-1.15.1.6-py3-none-manylinux2014_x86_64.manylinux_2_17_x86_64.whl.metadata (1.7 kB)
Collecting nvidia-cuda-cupti==13.0.85.* (from cuda-toolkit[cublas,cudart,cufft,cufile,cupti,curand,cusolver,cusparse,nvjitlink,nvrtc,nvtx]==13.0.3; platform_system == "Linux"->torch>=2.5.0->voxcpm)
  Downloading nvidia_cuda_cupti-13.0.85-py3-none-manylinux_2_25_x86_64.whl.metadata (1.7 kB)
Collecting nvidia-curand==10.4.0.35.* (from cuda-toolkit[cublas,cudart,cufft,cufile,cupti,curand,cusolver,cusparse,nvjitlink,nvrtc,nvtx]==13.0.3; platform_system == "Linux"->torch>=2.5.0->voxcpm)
  Downloading nvidia_curand-10.4.0.35-py3-none-manylinux_2_27_x86_64.whl.metadata (1.7 kB)
Collecting nvidia-cusolver==12.0.4.66.* (from cuda-toolkit[cublas,cudart,cufft,cufile,cupti,curand,cusolver,cusparse,nvjitlink,nvrtc,nvtx]==13.0.3; platform_system == "Linux"->torch>=2.5.0->voxcpm)
  Downloading nvidia_cusolver-12.0.4.66-py3-none-manylinux_2_27_x86_64.whl.metadata (1.8 kB)
Collecting nvidia-cusparse==12.6.3.3.* (from cuda-toolkit[cublas,cudart,cufft,cufile,cupti,curand,cusolver,cusparse,nvjitlink,nvrtc,nvtx]==13.0.3; platform_system == "Linux"->torch>=2.5.0->voxcpm)
  Downloading nvidia_cusparse-12.6.3.3-py3-none-manylinux2014_x86_64.manylinux_2_17_x86_64.whl.metadata (1.8 kB)
Collecting nvidia-nvtx==13.0.85.* (from cuda-toolkit[cublas,cudart,cufft,cufile,cupti,curand,cusolver,cusparse,nvjitlink,nvrtc,nvtx]==13.0.3; platform_system == "Linux"->torch>=2.5.0->voxcpm)
  Downloading nvidia_nvtx-13.0.85-py3-none-manylinux1_x86_64.manylinux_2_5_x86_64.whl.metadata (1.8 kB)
Collecting cuda-pathfinder>=1.4.2 (from cuda-bindings<14,>=13.0.3->torch>=2.5.0->voxcpm)
  Downloading cuda_pathfinder-1.6.1-py3-none-any.whl.metadata (1.9 kB)
Collecting mpmath<1.4,>=1.1.0 (from sympy>=1.13.3->torch>=2.5.0->voxcpm)
  Downloading mpmath-1.3.0-py3-none-any.whl.metadata (8.6 kB)
Collecting regex>=2025.10.22 (from transformers>=4.36.2->voxcpm)
  Downloading regex-2026.7.19-cp311-cp311-manylinux2014_x86_64.manylinux_2_17_x86_64.manylinux_2_28_x86_64.whl.metadata (40 kB)
Collecting tokenizers<=0.23.0,>=0.22.0 (from transformers>=4.36.2->voxcpm)
  Downloading tokenizers-0.22.2-cp39-abi3-manylinux_2_17_x86_64.manylinux2014_x86_64.whl.metadata (7.3 kB)
Collecting docstring-parser (from argbind->voxcpm)
  Downloading docstring_parser-0.18.0-py3-none-any.whl.metadata (3.5 kB)
Collecting scipy>=1.4.1 (from funasr->voxcpm)
  Downloading scipy-1.17.1-cp311-cp311-manylinux_2_27_x86_64.manylinux_2_28_x86_64.whl.metadata (62 kB)
Collecting websockets>=10.4 (from funasr->voxcpm)
  Downloading websockets-17.0.1-cp311-cp311-manylinux1_x86_64.manylinux_2_28_x86_64.manylinux_2_5_x86_64.whl.metadata (6.3 kB)
Collecting omegaconf>=2.0 (from funasr->voxcpm)
  Downloading omegaconf-2.3.1-py3-none-any.whl.metadata (4.5 kB)
Collecting hydra-core>=1.3.2 (from funasr->voxcpm)
  Downloading hydra_core-1.3.5-py3-none-any.whl.metadata (5.7 kB)
Collecting tiktoken (from funasr->voxcpm)
  Downloading tiktoken-0.14.0-cp311-cp311-manylinux_2_28_x86_64.whl.metadata (6.7 kB)
Collecting sentencepiece (from funasr->voxcpm)
  Downloading sentencepiece-0.2.2-cp311-cp311-manylinux_2_27_x86_64.manylinux_2_28_x86_64.whl.metadata (33 kB)
Collecting kaldiio>=2.17.0 (from funasr->voxcpm)
  Downloading kaldiio-2.18.1-py3-none-any.whl.metadata (13 kB)
Collecting jieba (from funasr->voxcpm)
  Downloading jieba-0.42.1.tar.gz (19.2 MB)
     ━━━━━━━━━━━━━━━━━━━━━━━━━━━━━━━━━━━━━━━━ 19.2/19.2 MB 200.6 MB/s  0:00:00
  Installing build dependencies: started
  Installing build dependencies: finished with status 'done'
  Getting requirements to build wheel: started
  Getting requirements to build wheel: finished with status 'done'
  Preparing metadata (pyproject.toml): started
  Preparing metadata (pyproject.toml): finished with status 'done'
Collecting jamo (from funasr->voxcpm)
  Downloading jamo-0.4.1-py3-none-any.whl.metadata (2.3 kB)
Collecting jaconv (from funasr->voxcpm)
  Downloading jaconv-0.5.0-py3-none-any.whl.metadata (8.9 kB)
Collecting umap_learn (from funasr->voxcpm)
  Downloading umap_learn-0.5.12-py3-none-any.whl.metadata (24 kB)
Collecting rapidfuzz>=3.0.0 (from funasr->voxcpm)
  Downloading rapidfuzz-3.14.5-cp311-cp311-manylinux_2_27_x86_64.manylinux_2_28_x86_64.whl.metadata (12 kB)
Collecting torch_complex (from funasr->voxcpm)
  Downloading torch_complex-0.4.4-py3-none-any.whl.metadata (3.1 kB)
Collecting tensorboardX (from funasr->voxcpm)
  Downloading tensorboardx-2.6.5-py3-none-any.whl.metadata (6.6 kB)
Collecting oss2 (from funasr->voxcpm)
  Downloading oss2-2.19.1.tar.gz (298 kB)
  Installing build dependencies: started
  Installing build dependencies: finished with status 'done'
  Getting requirements to build wheel: started
  Getting requirements to build wheel: finished with status 'done'
  Preparing metadata (pyproject.toml): started
  Preparing metadata (pyproject.toml): finished with status 'done'
Collecting antlr4-python3-runtime==4.9.* (from hydra-core>=1.3.2->funasr->voxcpm)
  Downloading antlr4-python3-runtime-4.9.3.tar.gz (117 kB)
  Installing build dependencies: started
  Installing build dependencies: finished with status 'done'
  Getting requirements to build wheel: started
  Getting requirements to build wheel: finished with status 'done'
  Preparing metadata (pyproject.toml): started
  Preparing metadata (pyproject.toml): finished with status 'done'
Collecting more_itertools>=8.5.0 (from inflect->voxcpm)
  Downloading more_itertools-11.1.0-py3-none-any.whl.metadata (41 kB)
Collecting typeguard>=4.0.1 (from inflect->voxcpm)
  Downloading typeguard-4.6.0-py3-none-any.whl.metadata (3.7 kB)
Collecting audioread>=2.1.9 (from librosa->voxcpm)
  Downloading audioread-3.1.0-py3-none-any.whl.metadata (9.0 kB)
Collecting numba>=0.51.0 (from librosa->voxcpm)
  Downloading numba-0.67.0-cp311-cp311-manylinux2014_x86_64.manylinux_2_17_x86_64.whl.metadata (2.7 kB)
Collecting scikit-learn>=1.1.0 (from librosa->voxcpm)
  Downloading scikit_learn-1.9.0-cp311-cp311-manylinux_2_27_x86_64.manylinux_2_28_x86_64.whl.metadata (11 kB)
Collecting joblib>=1.0 (from librosa->voxcpm)
  Downloading joblib-1.5.3-py3-none-any.whl.metadata (5.5 kB)
Collecting decorator>=4.3.0 (from librosa->voxcpm)
  Downloading decorator-5.3.1-py3-none-any.whl.metadata (3.9 kB)
Collecting pooch>=1.1 (from librosa->voxcpm)
  Downloading pooch-1.9.0-py3-none-any.whl.metadata (10 kB)
Collecting soxr>=0.3.2 (from librosa->voxcpm)
  Downloading soxr-1.1.0-cp311-cp311-manylinux_2_27_x86_64.manylinux_2_28_x86_64.whl.metadata (5.8 kB)
Collecting lazy_loader>=0.1 (from librosa->voxcpm)
  Downloading lazy_loader-0.5-py3-none-any.whl.metadata (5.9 kB)
Collecting msgpack>=1.0 (from librosa->voxcpm)
  Downloading msgpack-1.2.1-cp311-cp311-manylinux2014_x86_64.manylinux_2_17_x86_64.manylinux_2_28_x86_64.whl.metadata (8.3 kB)
Collecting llvmlite<0.50,>=0.49.0dev0 (from numba>=0.51.0->librosa->voxcpm)
  Downloading llvmlite-0.49.0-cp311-cp311-manylinux2014_x86_64.manylinux_2_17_x86_64.whl.metadata (5.0 kB)
Collecting platformdirs>=2.5.0 (from pooch>=1.1->librosa->voxcpm)
  Downloading platformdirs-4.11.3-py3-none-any.whl.metadata (5.5 kB)
Collecting narwhals>=2.0.1 (from scikit-learn>=1.1.0->librosa->voxcpm)
  Downloading narwhals-2.24.0-py3-none-any.whl.metadata (15 kB)
Collecting threadpoolctl>=3.5.0 (from scikit-learn>=1.1.0->librosa->voxcpm)
  Downloading threadpoolctl-3.6.0-py3-none-any.whl.metadata (13 kB)
Collecting contourpy>=1.0.1 (from matplotlib->voxcpm)
  Downloading contourpy-1.3.3-cp311-cp311-manylinux_2_27_x86_64.manylinux_2_28_x86_64.whl.metadata (5.5 kB)
Collecting cycler>=0.10 (from matplotlib->voxcpm)
  Downloading cycler-0.12.1-py3-none-any.whl.metadata (3.8 kB)
Collecting fonttools>=4.28.2 (from matplotlib->voxcpm)
  Downloading fonttools-4.63.0-cp311-cp311-manylinux2014_x86_64.manylinux_2_17_x86_64.whl.metadata (118 kB)
Collecting kiwisolver>=1.3.1 (from matplotlib->voxcpm)
  Downloading kiwisolver-1.5.0-cp311-cp311-manylinux2014_x86_64.manylinux_2_17_x86_64.whl.metadata (5.1 kB)
Collecting pyparsing>=3 (from matplotlib->voxcpm)
  Downloading pyparsing-3.3.2-py3-none-any.whl.metadata (5.8 kB)
Collecting crcmod>=1.7 (from oss2->funasr->voxcpm)
  Downloading crcmod-1.7.tar.gz (89 kB)
  Installing build dependencies: started
  Installing build dependencies: finished with status 'done'
  Getting requirements to build wheel: started
  Getting requirements to build wheel: finished with status 'done'
  Preparing metadata (pyproject.toml): started
  Preparing metadata (pyproject.toml): finished with status 'done'
Collecting pycryptodome>=3.4.7 (from oss2->funasr->voxcpm)
  Downloading pycryptodome-3.23.0-cp37-abi3-manylinux_2_17_x86_64.manylinux2014_x86_64.whl.metadata (3.4 kB)
Collecting aliyun-python-sdk-kms>=2.4.1 (from oss2->funasr->voxcpm)
  Downloading aliyun_python_sdk_kms-2.16.5-py2.py3-none-any.whl.metadata (1.5 kB)
Collecting aliyun-python-sdk-core>=2.13.12 (from oss2->funasr->voxcpm)
  Downloading aliyun-python-sdk-core-2.16.0.tar.gz (449 kB)
  Installing build dependencies: started
  Installing build dependencies: finished with status 'done'
  Getting requirements to build wheel: started
  Getting requirements to build wheel: finished with status 'done'
  Preparing metadata (pyproject.toml): started
  Preparing metadata (pyproject.toml): finished with status 'done'
Collecting jmespath<1.0.0,>=0.9.3 (from aliyun-python-sdk-core>=2.13.12->oss2->funasr->voxcpm)
  Downloading jmespath-0.10.0-py2.py3-none-any.whl.metadata (8.0 kB)
Collecting cryptography>=3.0.0 (from aliyun-python-sdk-core>=2.13.12->oss2->funasr->voxcpm)
  Downloading cryptography-50.0.0-cp311-abi3-manylinux_2_34_x86_64.whl.metadata (4.3 kB)
Collecting protobuf>=3.20 (from tensorboardX->funasr->voxcpm)
  Downloading protobuf-7.35.1-cp310-abi3-manylinux2014_x86_64.whl.metadata (595 bytes)
Collecting pynndescent>=0.5 (from umap_learn->funasr->voxcpm)
  Downloading pynndescent-0.6.0-py3-none-any.whl.metadata (6.9 kB)
Collecting contractions (from wetext->voxcpm)
  Downloading contractions-0.1.73-py2.py3-none-any.whl.metadata (1.2 kB)
Collecting kaldifst (from wetext->voxcpm)
  Downloading kaldifst-1.8.0-cp311-cp311-manylinux_2_27_x86_64.manylinux_2_28_x86_64.whl.metadata (1.0 kB)
Collecting textsearch>=0.0.21 (from contractions->wetext->voxcpm)
  Downloading textsearch-0.0.24-py2.py3-none-any.whl.metadata (1.2 kB)
Collecting anyascii (from textsearch>=0.0.21->contractions->wetext->voxcpm)
  Downloading anyascii-0.3.3-py3-none-any.whl.metadata (1.6 kB)
Collecting pyahocorasick (from textsearch>=0.0.21->contractions->wetext->voxcpm)
  Downloading pyahocorasick-2.3.1-cp311-cp311-manylinux2014_x86_64.manylinux_2_17_x86_64.whl.metadata (13 kB)
Downloading voxcpm-2.0.3-py3-none-any.whl (88 kB)
Downloading datasets-3.6.0-py3-none-any.whl (491 kB)
Downloading dill-0.3.8-py3-none-any.whl (116 kB)
Downloading fsspec-2025.3.0-py3-none-any.whl (193 kB)
Downloading gradio-6.24.0-py3-none-any.whl (30.7 MB)
   ━━━━━━━━━━━━━━━━━━━━━━━━━━━━━━━━━━━━━━━━ 30.7/30.7 MB 52.7 MB/s  0:00:00
Downloading gradio_client-2.6.0-py3-none-any.whl (61 kB)
Downloading anyio-4.14.2-py3-none-any.whl (125 kB)
Downloading fastapi-0.141.1-py3-none-any.whl (131 kB)
Downloading groovy-0.1.2-py3-none-any.whl (14 kB)
Downloading hf_gradio-0.4.1-py3-none-any.whl (4.5 kB)
Downloading httpx-0.28.1-py3-none-any.whl (73 kB)
Downloading httpcore-1.0.9-py3-none-any.whl (78 kB)
Downloading huggingface_hub-1.27.0-py3-none-any.whl (784 kB)
   ━━━━━━━━━━━━━━━━━━━━━━━━━━━━━━━━━━━━━━━━ 784.9/784.9 kB 177.5 MB/s  0:00:00
Downloading click-8.4.2-py3-none-any.whl (119 kB)
Downloading hf_xet-1.6.0-cp38-abi3-manylinux2014_x86_64.manylinux_2_17_x86_64.whl (4.5 MB)
   ━━━━━━━━━━━━━━━━━━━━━━━━━━━━━━━━━━━━━━━━ 4.5/4.5 MB 355.5 MB/s  0:00:00
Downloading jinja2-3.1.6-py3-none-any.whl (134 kB)
Downloading markupsafe-3.0.3-cp311-cp311-manylinux2014_x86_64.manylinux_2_17_x86_64.manylinux_2_28_x86_64.whl (22 kB)
Downloading multiprocess-0.70.16-py311-none-any.whl (143 kB)
Downloading numpy-2.4.6-cp311-cp311-manylinux_2_27_x86_64.manylinux_2_28_x86_64.whl (16.9 MB)
   ━━━━━━━━━━━━━━━━━━━━━━━━━━━━━━━━━━━━━━━━ 16.9/16.9 MB 350.4 MB/s  0:00:00
Downloading orjson-3.12.0-cp311-cp311-manylinux_2_17_x86_64.manylinux2014_x86_64.whl (131 kB)
Downloading pandas-3.0.5-cp311-cp311-manylinux_2_24_x86_64.manylinux_2_28_x86_64.whl (11.3 MB)
   ━━━━━━━━━━━━━━━━━━━━━━━━━━━━━━━━━━━━━━━━ 11.3/11.3 MB 332.1 MB/s  0:00:00
Downloading pillow-12.3.0-cp311-cp311-manylinux_2_27_x86_64.manylinux_2_28_x86_64.whl (6.9 MB)
   ━━━━━━━━━━━━━━━━━━━━━━━━━━━━━━━━━━━━━━━━ 6.9/6.9 MB 367.8 MB/s  0:00:00
Downloading pydantic-2.13.4-py3-none-any.whl (472 kB)
Downloading pydantic_core-2.46.4-cp311-cp311-manylinux_2_17_x86_64.manylinux2014_x86_64.whl (2.1 MB)
   ━━━━━━━━━━━━━━━━━━━━━━━━━━━━━━━━━━━━━━━━ 2.1/2.1 MB 316.2 MB/s  0:00:00
Downloading pydub-0.25.1-py2.py3-none-any.whl (32 kB)
Downloading python_multipart-0.0.32-py3-none-any.whl (30 kB)
Downloading pyyaml-6.0.3-cp311-cp311-manylinux2014_x86_64.manylinux_2_17_x86_64.manylinux_2_28_x86_64.whl (806 kB)
   ━━━━━━━━━━━━━━━━━━━━━━━━━━━━━━━━━━━━━━━━ 806.6/806.6 kB 185.6 MB/s  0:00:00
Downloading safehttpx-0.1.7-py3-none-any.whl (9.0 kB)
Downloading semantic_version-2.10.0-py2.py3-none-any.whl (15 kB)
Downloading starlette-1.6.0-py3-none-any.whl (75 kB)
Downloading tomlkit-0.14.0-py3-none-any.whl (39 kB)
Downloading typer-0.27.1-py3-none-any.whl (122 kB)
Downloading typing_extensions-4.16.0-py3-none-any.whl (45 kB)
Downloading soundfile-0.14.0-py2.py3-none-manylinux_2_28_x86_64.whl (1.3 MB)
   ━━━━━━━━━━━━━━━━━━━━━━━━━━━━━━━━━━━━━━━━ 1.3/1.3 MB 195.8 MB/s  0:00:00
Downloading aiohttp-3.14.3-cp311-cp311-manylinux2014_x86_64.manylinux_2_17_x86_64.manylinux_2_28_x86_64.whl (1.8 MB)
   ━━━━━━━━━━━━━━━━━━━━━━━━━━━━━━━━━━━━━━━━ 1.8/1.8 MB 282.3 MB/s  0:00:00
Downloading multidict-6.7.1-cp311-cp311-manylinux2014_x86_64.manylinux_2_17_x86_64.manylinux_2_28_x86_64.whl (246 kB)
Downloading yarl-1.24.5-cp311-cp311-manylinux2014_x86_64.manylinux_2_17_x86_64.manylinux_2_28_x86_64.whl (111 kB)
Downloading aiohappyeyeballs-2.7.1-py3-none-any.whl (15 kB)
Downloading aiosignal-1.4.0-py3-none-any.whl (7.5 kB)
Downloading annotated_doc-0.0.5-py3-none-any.whl (5.3 kB)
Downloading annotated_types-0.8.0-py3-none-any.whl (13 kB)
Downloading attrs-26.1.0-py3-none-any.whl (67 kB)
Downloading brotli-1.2.0-cp311-cp311-manylinux2014_x86_64.manylinux_2_17_x86_64.whl (1.4 MB)
   ━━━━━━━━━━━━━━━━━━━━━━━━━━━━━━━━━━━━━━━━ 1.4/1.4 MB 264.6 MB/s  0:00:00
Downloading cffi-2.1.1-cp311-cp311-manylinux2014_x86_64.manylinux_2_17_x86_64.whl (217 kB)
Downloading filelock-3.32.3-py3-none-any.whl (98 kB)
Downloading frozenlist-1.8.0-cp311-cp311-manylinux1_x86_64.manylinux_2_28_x86_64.manylinux_2_5_x86_64.whl (231 kB)
Downloading h11-0.16.0-py3-none-any.whl (37 kB)
Downloading idna-3.19-py3-none-any.whl (68 kB)
Downloading modelscope-1.39.1-py3-none-any.whl (6.0 MB)
   ━━━━━━━━━━━━━━━━━━━━━━━━━━━━━━━━━━━━━━━━ 6.0/6.0 MB 110.2 MB/s  0:00:00
Downloading modelscope_hub-0.2.0-py3-none-any.whl (156 kB)
Downloading packaging-26.3-py3-none-any.whl (129 kB)
Downloading propcache-0.5.2-cp311-cp311-manylinux2014_x86_64.manylinux_2_17_x86_64.manylinux_2_28_x86_64.whl (58 kB)
Downloading pyarrow-25.0.1-cp311-cp311-manylinux_2_28_x86_64.whl (50.1 MB)
   ━━━━━━━━━━━━━━━━━━━━━━━━━━━━━━━━━━━━━━━━ 50.1/50.1 MB 381.3 MB/s  0:00:00
Downloading python_dateutil-2.9.0.post0-py2.py3-none-any.whl (229 kB)
Downloading pytz-2026.3.post1-py2.py3-none-any.whl (508 kB)
Downloading requests-2.34.2-py3-none-any.whl (73 kB)
Downloading charset_normalizer-3.5.1-cp311-cp311-manylinux2014_x86_64.manylinux_2_17_x86_64.manylinux_2_28_x86_64.whl (262 kB)
Downloading urllib3-2.7.0-py3-none-any.whl (131 kB)
Downloading certifi-2026.7.22-py3-none-any.whl (136 kB)
Downloading rich-15.0.0-py3-none-any.whl (310 kB)
Downloading pygments-2.21.0-py3-none-any.whl (1.3 MB)
   ━━━━━━━━━━━━━━━━━━━━━━━━━━━━━━━━━━━━━━━━ 1.3/1.3 MB 241.6 MB/s  0:00:00
Downloading markdown_it_py-4.2.0-py3-none-any.whl (91 kB)
Downloading mdurl-0.1.2-py3-none-any.whl (10.0 kB)
Downloading shellingham-1.5.4-py2.py3-none-any.whl (9.8 kB)
Downloading six-1.17.0-py2.py3-none-any.whl (11 kB)
Downloading torch-2.13.0-cp311-cp311-manylinux_2_28_x86_64.whl (526.6 MB)
   ━━━━━━━━━━━━━━━━━━━━━━━━━━━━━━━━━━━━━━━━ 526.6/526.6 MB 80.5 MB/s  0:00:05
Downloading cuda_toolkit-13.0.3.0-py2.py3-none-any.whl (2.5 kB)
Downloading nvidia_cudnn_cu13-9.20.0.48-py3-none-manylinux_2_27_x86_64.whl (366.2 MB)
   ━━━━━━━━━━━━━━━━━━━━━━━━━━━━━━━━━━━━━━━━ 366.2/366.2 MB 115.5 MB/s  0:00:02
Downloading nvidia_cusparselt_cu13-0.8.1-py3-none-manylinux2014_x86_64.whl (170.1 MB)
   ━━━━━━━━━━━━━━━━━━━━━━━━━━━━━━━━━━━━━━━━ 170.1/170.1 MB 192.7 MB/s  0:00:00
Downloading nvidia_nccl_cu13-2.29.7-py3-none-manylinux_2_18_x86_64.whl (206.0 MB)
   ━━━━━━━━━━━━━━━━━━━━━━━━━━━━━━━━━━━━━━━━ 206.0/206.0 MB 179.5 MB/s  0:00:01
Downloading nvidia_nvshmem_cu13-3.4.5-py3-none-manylinux2014_x86_64.manylinux_2_17_x86_64.whl (60.4 MB)
   ━━━━━━━━━━━━━━━━━━━━━━━━━━━━━━━━━━━━━━━━ 60.4/60.4 MB 128.6 MB/s  0:00:00
Downloading triton-3.7.1-cp311-cp311-manylinux_2_27_x86_64.manylinux_2_28_x86_64.whl (197.7 MB)
   ━━━━━━━━━━━━━━━━━━━━━━━━━━━━━━━━━━━━━━━━ 197.7/197.7 MB 81.9 MB/s  0:00:02
Downloading cuda_bindings-13.3.1-cp311-cp311-manylinux_2_24_x86_64.manylinux_2_28_x86_64.whl (6.7 MB)
   ━━━━━━━━━━━━━━━━━━━━━━━━━━━━━━━━━━━━━━━━ 6.7/6.7 MB 167.5 MB/s  0:00:00
Downloading nvidia_cublas-13.1.1.3-py3-none-manylinux_2_27_x86_64.whl (423.1 MB)
   ━━━━━━━━━━━━━━━━━━━━━━━━━━━━━━━━━━━━━━━━ 423.1/423.1 MB 81.6 MB/s  0:00:03
Downloading nvidia_cuda_cupti-13.0.85-py3-none-manylinux_2_25_x86_64.whl (10.7 MB)
   ━━━━━━━━━━━━━━━━━━━━━━━━━━━━━━━━━━━━━━━━ 10.7/10.7 MB 330.5 MB/s  0:00:00
Downloading nvidia_cuda_nvrtc-13.0.88-py3-none-manylinux2010_x86_64.manylinux_2_12_x86_64.whl (90.2 MB)
   ━━━━━━━━━━━━━━━━━━━━━━━━━━━━━━━━━━━━━━━━ 90.2/90.2 MB 345.0 MB/s  0:00:00
Downloading nvidia_cuda_runtime-13.0.96-py3-none-manylinux2014_x86_64.manylinux_2_17_x86_64.whl (2.2 MB)
   ━━━━━━━━━━━━━━━━━━━━━━━━━━━━━━━━━━━━━━━━ 2.2/2.2 MB 297.0 MB/s  0:00:00
Downloading nvidia_cufft-12.0.0.61-py3-none-manylinux2014_x86_64.manylinux_2_17_x86_64.whl (214.1 MB)
   ━━━━━━━━━━━━━━━━━━━━━━━━━━━━━━━━━━━━━━━━ 214.1/214.1 MB 199.9 MB/s  0:00:01
Downloading nvidia_cufile-1.15.1.6-py3-none-manylinux2014_x86_64.manylinux_2_17_x86_64.whl (1.2 MB)
   ━━━━━━━━━━━━━━━━━━━━━━━━━━━━━━━━━━━━━━━━ 1.2/1.2 MB 222.1 MB/s  0:00:00
Downloading nvidia_curand-10.4.0.35-py3-none-manylinux_2_27_x86_64.whl (59.5 MB)
   ━━━━━━━━━━━━━━━━━━━━━━━━━━━━━━━━━━━━━━━━ 59.5/59.5 MB 325.0 MB/s  0:00:00
Downloading nvidia_cusolver-12.0.4.66-py3-none-manylinux_2_27_x86_64.whl (200.9 MB)
   ━━━━━━━━━━━━━━━━━━━━━━━━━━━━━━━━━━━━━━━━ 200.9/200.9 MB 102.8 MB/s  0:00:01
Downloading nvidia_cusparse-12.6.3.3-py3-none-manylinux2014_x86_64.manylinux_2_17_x86_64.whl (145.9 MB)
   ━━━━━━━━━━━━━━━━━━━━━━━━━━━━━━━━━━━━━━━━ 145.9/145.9 MB 305.2 MB/s  0:00:00
Downloading nvidia_nvjitlink-13.3.33-py3-none-manylinux2010_x86_64.manylinux_2_12_x86_64.whl (40.7 MB)
   ━━━━━━━━━━━━━━━━━━━━━━━━━━━━━━━━━━━━━━━━ 40.7/40.7 MB 373.7 MB/s  0:00:00
Downloading nvidia_nvtx-13.0.85-py3-none-manylinux1_x86_64.manylinux_2_5_x86_64.whl (148 kB)
Downloading cuda_pathfinder-1.6.1-py3-none-any.whl (60 kB)
Downloading networkx-3.6.1-py3-none-any.whl (2.1 MB)
   ━━━━━━━━━━━━━━━━━━━━━━━━━━━━━━━━━━━━━━━━ 2.1/2.1 MB 302.9 MB/s  0:00:00
Downloading sympy-1.14.0-py3-none-any.whl (6.3 MB)
   ━━━━━━━━━━━━━━━━━━━━━━━━━━━━━━━━━━━━━━━━ 6.3/6.3 MB 356.3 MB/s  0:00:00
Downloading mpmath-1.3.0-py3-none-any.whl (536 kB)
   ━━━━━━━━━━━━━━━━━━━━━━━━━━━━━━━━━━━━━━━━ 536.2/536.2 kB 38.2 MB/s  0:00:00
Downloading torchaudio-2.11.0-cp311-cp311-manylinux_2_28_x86_64.whl (1.8 MB)
   ━━━━━━━━━━━━━━━━━━━━━━━━━━━━━━━━━━━━━━━━ 1.8/1.8 MB 225.1 MB/s  0:00:00
Downloading tqdm-4.70.0-py3-none-any.whl (80 kB)
Downloading transformers-5.15.0-py3-none-any.whl (11.7 MB)
   ━━━━━━━━━━━━━━━━━━━━━━━━━━━━━━━━━━━━━━━━ 11.7/11.7 MB 205.1 MB/s  0:00:00
Downloading tokenizers-0.22.2-cp39-abi3-manylinux_2_17_x86_64.manylinux2014_x86_64.whl (3.3 MB)
   ━━━━━━━━━━━━━━━━━━━━━━━━━━━━━━━━━━━━━━━━ 3.3/3.3 MB 339.3 MB/s  0:00:00
Downloading regex-2026.7.19-cp311-cp311-manylinux2014_x86_64.manylinux_2_17_x86_64.manylinux_2_28_x86_64.whl (801 kB)
   ━━━━━━━━━━━━━━━━━━━━━━━━━━━━━━━━━━━━━━━━ 801.4/801.4 kB 182.7 MB/s  0:00:00
Downloading safetensors-0.8.0-cp310-abi3-manylinux_2_17_x86_64.manylinux2014_x86_64.whl (516 kB)
Downloading typing_inspection-0.4.4-py3-none-any.whl (14 kB)
Downloading uvicorn-0.52.3-py3-none-any.whl (79 kB)
Downloading addict-2.4.0-py3-none-any.whl (3.8 kB)
Downloading docstring_parser-0.18.0-py3-none-any.whl (22 kB)
Downloading einops-0.8.2-py3-none-any.whl (65 kB)
Downloading funasr-1.4.2-py3-none-any.whl (977 kB)
   ━━━━━━━━━━━━━━━━━━━━━━━━━━━━━━━━━━━━━━━━ 977.1/977.1 kB 200.0 MB/s  0:00:00
Downloading hydra_core-1.3.5-py3-none-any.whl (155 kB)
Downloading omegaconf-2.3.1-py3-none-any.whl (79 kB)
Downloading kaldiio-2.18.1-py3-none-any.whl (29 kB)
Downloading rapidfuzz-3.14.5-cp311-cp311-manylinux_2_27_x86_64.manylinux_2_28_x86_64.whl (3.2 MB)
   ━━━━━━━━━━━━━━━━━━━━━━━━━━━━━━━━━━━━━━━━ 3.2/3.2 MB 224.6 MB/s  0:00:00
Downloading scipy-1.17.1-cp311-cp311-manylinux_2_27_x86_64.manylinux_2_28_x86_64.whl (35.3 MB)
   ━━━━━━━━━━━━━━━━━━━━━━━━━━━━━━━━━━━━━━━━ 35.3/35.3 MB 366.7 MB/s  0:00:00
Downloading websockets-17.0.1-cp311-cp311-manylinux1_x86_64.manylinux_2_28_x86_64.manylinux_2_5_x86_64.whl (219 kB)
Downloading inflect-7.5.0-py3-none-any.whl (35 kB)
Downloading more_itertools-11.1.0-py3-none-any.whl (72 kB)
Downloading typeguard-4.6.0-py3-none-any.whl (36 kB)
Downloading jaconv-0.5.0-py3-none-any.whl (16 kB)
Downloading jamo-0.4.1-py3-none-any.whl (9.5 kB)
Downloading librosa-0.11.0-py3-none-any.whl (260 kB)
Downloading audioread-3.1.0-py3-none-any.whl (23 kB)
Downloading decorator-5.3.1-py3-none-any.whl (10 kB)
Downloading joblib-1.5.3-py3-none-any.whl (309 kB)
Downloading lazy_loader-0.5-py3-none-any.whl (8.0 kB)
Downloading msgpack-1.2.1-cp311-cp311-manylinux2014_x86_64.manylinux_2_17_x86_64.manylinux_2_28_x86_64.whl (423 kB)
Downloading numba-0.67.0-cp311-cp311-manylinux2014_x86_64.manylinux_2_17_x86_64.whl (3.8 MB)
   ━━━━━━━━━━━━━━━━━━━━━━━━━━━━━━━━━━━━━━━━ 3.8/3.8 MB 308.8 MB/s  0:00:00
Downloading llvmlite-0.49.0-cp311-cp311-manylinux2014_x86_64.manylinux_2_17_x86_64.whl (59.9 MB)
   ━━━━━━━━━━━━━━━━━━━━━━━━━━━━━━━━━━━━━━━━ 59.9/59.9 MB 179.6 MB/s  0:00:00
Downloading pooch-1.9.0-py3-none-any.whl (67 kB)
Downloading platformdirs-4.11.3-py3-none-any.whl (23 kB)
Downloading scikit_learn-1.9.0-cp311-cp311-manylinux_2_27_x86_64.manylinux_2_28_x86_64.whl (9.3 MB)
   ━━━━━━━━━━━━━━━━━━━━━━━━━━━━━━━━━━━━━━━━ 9.3/9.3 MB 202.1 MB/s  0:00:00
Downloading narwhals-2.24.0-py3-none-any.whl (461 kB)
Downloading soxr-1.1.0-cp311-cp311-manylinux_2_27_x86_64.manylinux_2_28_x86_64.whl (245 kB)
Downloading threadpoolctl-3.6.0-py3-none-any.whl (18 kB)
Downloading matplotlib-3.11.1-cp311-cp311-manylinux2014_x86_64.manylinux_2_17_x86_64.whl (10.0 MB)
   ━━━━━━━━━━━━━━━━━━━━━━━━━━━━━━━━━━━━━━━━ 10.0/10.0 MB 366.7 MB/s  0:00:00
Downloading contourpy-1.3.3-cp311-cp311-manylinux_2_27_x86_64.manylinux_2_28_x86_64.whl (355 kB)
Downloading cycler-0.12.1-py3-none-any.whl (8.3 kB)
Downloading fonttools-4.63.0-cp311-cp311-manylinux2014_x86_64.manylinux_2_17_x86_64.whl (5.1 MB)
   ━━━━━━━━━━━━━━━━━━━━━━━━━━━━━━━━━━━━━━━━ 5.1/5.1 MB 213.9 MB/s  0:00:00
Downloading kiwisolver-1.5.0-cp311-cp311-manylinux2014_x86_64.manylinux_2_17_x86_64.whl (1.4 MB)
   ━━━━━━━━━━━━━━━━━━━━━━━━━━━━━━━━━━━━━━━━ 1.4/1.4 MB 171.2 MB/s  0:00:00
Downloading pyparsing-3.3.2-py3-none-any.whl (122 kB)
Downloading jmespath-0.10.0-py2.py3-none-any.whl (24 kB)
Downloading aliyun_python_sdk_kms-2.16.5-py2.py3-none-any.whl (99 kB)
Downloading cryptography-50.0.0-cp311-abi3-manylinux_2_34_x86_64.whl (4.7 MB)
   ━━━━━━━━━━━━━━━━━━━━━━━━━━━━━━━━━━━━━━━━ 4.7/4.7 MB 375.3 MB/s  0:00:00
Downloading pycryptodome-3.23.0-cp37-abi3-manylinux_2_17_x86_64.manylinux2014_x86_64.whl (2.3 MB)
   ━━━━━━━━━━━━━━━━━━━━━━━━━━━━━━━━━━━━━━━━ 2.3/2.3 MB 329.0 MB/s  0:00:00
Downloading pycparser-3.0-py3-none-any.whl (48 kB)
Downloading sentencepiece-0.2.2-cp311-cp311-manylinux_2_27_x86_64.manylinux_2_28_x86_64.whl (1.4 MB)
   ━━━━━━━━━━━━━━━━━━━━━━━━━━━━━━━━━━━━━━━━ 1.4/1.4 MB 256.2 MB/s  0:00:00
Downloading simplejson-4.1.1-cp311-cp311-manylinux1_x86_64.manylinux_2_28_x86_64.manylinux_2_5_x86_64.whl (180 kB)
Downloading sortedcontainers-2.4.0-py2.py3-none-any.whl (29 kB)
Downloading spaces-0.51.1-py3-none-any.whl (111 kB)
Downloading tensorboardx-2.6.5-py3-none-any.whl (87 kB)
Downloading protobuf-7.35.1-cp310-abi3-manylinux2014_x86_64.whl (327 kB)
Downloading tiktoken-0.14.0-cp311-cp311-manylinux_2_28_x86_64.whl (1.2 MB)
   ━━━━━━━━━━━━━━━━━━━━━━━━━━━━━━━━━━━━━━━━ 1.2/1.2 MB 221.9 MB/s  0:00:00
Downloading torch_complex-0.4.4-py3-none-any.whl (9.1 kB)
Downloading torchcodec-0.16.0-cp311-cp311-manylinux_2_27_x86_64.manylinux_2_28_x86_64.whl (9.5 MB)
   ━━━━━━━━━━━━━━━━━━━━━━━━━━━━━━━━━━━━━━━━ 9.5/9.5 MB 186.5 MB/s  0:00:00
Downloading umap_learn-0.5.12-py3-none-any.whl (91 kB)
Downloading pynndescent-0.6.0-py3-none-any.whl (73 kB)
Downloading wetext-0.1.6-py3-none-any.whl (2.9 MB)
   ━━━━━━━━━━━━━━━━━━━━━━━━━━━━━━━━━━━━━━━━ 2.9/2.9 MB 224.5 MB/s  0:00:00
Downloading contractions-0.1.73-py2.py3-none-any.whl (8.7 kB)
Downloading textsearch-0.0.24-py2.py3-none-any.whl (7.6 kB)
Downloading anyascii-0.3.3-py3-none-any.whl (345 kB)
Downloading kaldifst-1.8.0-cp311-cp311-manylinux_2_27_x86_64.manylinux_2_28_x86_64.whl (1.5 MB)
   ━━━━━━━━━━━━━━━━━━━━━━━━━━━━━━━━━━━━━━━━ 1.5/1.5 MB 27.4 MB/s  0:00:00
Downloading pyahocorasick-2.3.1-cp311-cp311-manylinux2014_x86_64.manylinux_2_17_x86_64.whl (113 kB)
Downloading xxhash-4.0.1-cp311-cp311-manylinux2014_x86_64.manylinux_2_17_x86_64.manylinux_2_28_x86_64.whl (261 kB)
Building wheels for collected packages: argbind, antlr4-python3-runtime, jieba, oss2, aliyun-python-sdk-core, crcmod
  Building wheel for argbind (pyproject.toml): started
  Building wheel for argbind (pyproject.toml): finished with status 'done'
  Created wheel for argbind: filename=argbind-0.3.9-py2.py3-none-any.whl size=11817 sha256=85a2ec8038df4fbf95ea8ca8259438c8d5bccb7f8db60ce9696a24c3de6a7b33
  Stored in directory: /home/runner/.cache/pip/wheels/36/3a/34/e858fa3cf5f8c33a040734efcc17e95cb5cfd99c256a7fcecf
  Building wheel for antlr4-python3-runtime (pyproject.toml): started
  Building wheel for antlr4-python3-runtime (pyproject.toml): finished with status 'done'
  Created wheel for antlr4-python3-runtime: filename=antlr4_python3_runtime-4.9.3-py3-none-any.whl size=144590 sha256=b30797af52cdc381ab3f193fb56f299b64d8b41ad5295ccc0e11736d56749b77
  Stored in directory: /home/runner/.cache/pip/wheels/1a/97/32/461f837398029ad76911109f07047fde1d7b661a147c7c56d1
  Building wheel for jieba (pyproject.toml): started
  Building wheel for jieba (pyproject.toml): finished with status 'done'
  Created wheel for jieba: filename=jieba-0.42.1-py3-none-any.whl size=19314509 sha256=93187b28952b079226ef7407ee7b50f8a45816da60c2845468d5999bd3fcae8d
  Stored in directory: /home/runner/.cache/pip/wheels/ac/60/cf/538a1f183409caf1fc136b5d2c2dee329001ef6da2c5084bef
  Building wheel for oss2 (pyproject.toml): started
  Building wheel for oss2 (pyproject.toml): finished with status 'done'
  Created wheel for oss2: filename=oss2-2.19.1-py3-none-any.whl size=124037 sha256=e001446416042bf78e69fcef123e5e8537dee92816fd479f41e4b847add6e764
  Stored in directory: /home/runner/.cache/pip/wheels/56/27/a3/50e7db0dd68810d9d4e383a547b88b4a5b1eaae58e63c1d64a
  Building wheel for aliyun-python-sdk-core (pyproject.toml): started
  Building wheel for aliyun-python-sdk-core (pyproject.toml): finished with status 'done'
  Created wheel for aliyun-python-sdk-core: filename=aliyun_python_sdk_core-2.16.0-py3-none-any.whl size=535417 sha256=96a151b1727baf227ae2a9cfa5a517d0147762cbd5df4f28dc57a10026120a71
  Stored in directory: /home/runner/.cache/pip/wheels/2b/9a/95/60f111d2a488c5f7f7ed2a96ce407ea57ec7393ddfdec8c956
  Building wheel for crcmod (pyproject.toml): started
  Building wheel for crcmod (pyproject.toml): finished with status 'done'
  Created wheel for crcmod: filename=crcmod-1.7-cp311-cp311-linux_x86_64.whl size=31719 sha256=412b263af68f9811a944eae1129f17c88d4c7e136ec63ef07d8a5179f7e37bcd
  Stored in directory: /home/runner/.cache/pip/wheels/23/94/7a/8cb7d14597e6395ce969933f01aed9ea8fa5f5b4d4c8a61e99
Successfully built argbind antlr4-python3-runtime jieba oss2 aliyun-python-sdk-core crcmod
Installing collected packages: torchaudio, sortedcontainers, pytz, pydub, nvidia-cusparselt-cu13, mpmath, jieba, jamo, jaconv, cuda-toolkit, crcmod, brotli, antlr4-python3-runtime, addict, xxhash, websockets, urllib3, typing-extensions, triton, tqdm, torchcodec, tomlkit, threadpoolctl, sympy, six, simplejson, shellingham, sentencepiece, semantic-version, safetensors, regex, rapidfuzz, pyyaml, python-multipart, pyparsing, pygments, pycryptodome, pycparser, pyarrow, pyahocorasick, protobuf, propcache, platformdirs, pillow, packaging, orjson, nvidia-nvtx, nvidia-nvshmem-cu13, nvidia-nvjitlink, nvidia-nccl-cu13, nvidia-curand, nvidia-cufile, nvidia-cuda-runtime, nvidia-cuda-nvrtc, nvidia-cuda-cupti, numpy, networkx, narwhals, multidict, msgpack, more_itertools, mdurl, markupsafe, llvmlite, kiwisolver, kaldifst, joblib, jmespath, idna, hf-xet, h11, groovy, fsspec, frozenlist, fonttools, filelock, einops, docstring-parser, dill, decorator, cycler, cuda-pathfinder, click, charset_normalizer, certifi, audioread, attrs, anyascii, annotated-types, annotated-doc, aiohappyeyeballs, yarl, uvicorn, typing-inspection, typeguard, torch_complex, textsearch, tensorboardX, soxr, scipy, requests, python-dateutil, pydantic-core, omegaconf, nvidia-cusparse, nvidia-cufft, nvidia-cublas, numba, multiprocess, markdown-it-py, lazy_loader, kaldiio, jinja2, httpcore, cuda-bindings, contourpy, cffi, argbind, anyio, aiosignal, tiktoken, starlette, soundfile, scikit-learn, rich, pydantic, pooch, pandas, nvidia-cusolver, nvidia-cudnn-cu13, modelscope-hub, matplotlib, inflect, hydra-core, httpx, cryptography, contractions, aiohttp, wetext, typer, safehttpx, pynndescent, modelscope, librosa, huggingface-hub, fastapi, aliyun-python-sdk-core, umap_learn, torch, tokenizers, gradio-client, datasets, aliyun-python-sdk-kms, transformers, oss2, hf-gradio, gradio, funasr, spaces, voxcpm

Successfully installed addict-2.4.0 aiohappyeyeballs-2.7.1 aiohttp-3.14.3 aiosignal-1.4.0 aliyun-python-sdk-core-2.16.0 aliyun-python-sdk-kms-2.16.5 annotated-doc-0.0.5 annotated-types-0.8.0 antlr4-python3-runtime-4.9.3 anyascii-0.3.3 anyio-4.14.2 argbind-0.3.9 attrs-26.1.0 audioread-3.1.0 brotli-1.2.0 certifi-2026.7.22 cffi-2.1.1 charset_normalizer-3.5.1 click-8.4.2 contourpy-1.3.3 contractions-0.1.73 crcmod-1.7 cryptography-50.0.0 cuda-bindings-13.3.1 cuda-pathfinder-1.6.1 cuda-toolkit-13.0.3.0 cycler-0.12.1 datasets-3.6.0 decorator-5.3.1 dill-0.3.8 docstring-parser-0.18.0 einops-0.8.2 fastapi-0.141.1 filelock-3.32.3 fonttools-4.63.0 frozenlist-1.8.0 fsspec-2025.3.0 funasr-1.4.2 gradio-6.24.0 gradio-client-2.6.0 groovy-0.1.2 h11-0.16.0 hf-gradio-0.4.1 hf-xet-1.6.0 httpcore-1.0.9 httpx-0.28.1 huggingface-hub-1.27.0 hydra-core-1.3.5 idna-3.19 inflect-7.5.0 jaconv-0.5.0 jamo-0.4.1 jieba-0.42.1 jinja2-3.1.6 jmespath-0.10.0 joblib-1.5.3 kaldifst-1.8.0 kaldiio-2.18.1 kiwisolver-1.5.0 lazy_loader-0.5 librosa-0.11.0 llvmlite-0.49.0 markdown-it-py-4.2.0 markupsafe-3.0.3 matplotlib-3.11.1 mdurl-0.1.2 modelscope-1.39.1 modelscope-hub-0.2.0 more_itertools-11.1.0 mpmath-1.3.0 msgpack-1.2.1 multidict-6.7.1 multiprocess-0.70.16 narwhals-2.24.0 networkx-3.6.1 numba-0.67.0 numpy-2.4.6 nvidia-cublas-13.1.1.3 nvidia-cuda-cupti-13.0.85 nvidia-cuda-nvrtc-13.0.88 nvidia-cuda-runtime-13.0.96 nvidia-cudnn-cu13-9.20.0.48 nvidia-cufft-12.0.0.61 nvidia-cufile-1.15.1.6 nvidia-curand-10.4.0.35 nvidia-cusolver-12.0.4.66 nvidia-cusparse-12.6.3.3 nvidia-cusparselt-cu13-0.8.1 nvidia-nccl-cu13-2.29.7 nvidia-nvjitlink-13.3.33 nvidia-nvshmem-cu13-3.4.5 nvidia-nvtx-13.0.85 omegaconf-2.3.1 orjson-3.12.0 oss2-2.19.1 packaging-26.3 pandas-3.0.5 pillow-12.3.0 platformdirs-4.11.3 pooch-1.9.0 propcache-0.5.2 protobuf-7.35.1 pyahocorasick-2.3.1 pyarrow-25.0.1 pycparser-3.0 pycryptodome-3.23.0 pydantic-2.13.4 pydantic-core-2.46.4 pydub-0.25.1 pygments-2.21.0 pynndescent-0.6.0 pyparsing-3.3.2 python-dateutil-2.9.0.post0 python-multipart-0.0.32 pytz-2026.3.post1 pyyaml-6.0.3 rapidfuzz-3.14.5 regex-2026.7.19 requests-2.34.2 rich-15.0.0 safehttpx-0.1.7 safetensors-0.8.0 scikit-learn-1.9.0 scipy-1.17.1 semantic-version-2.10.0 sentencepiece-0.2.2 shellingham-1.5.4 simplejson-4.1.1 six-1.17.0 sortedcontainers-2.4.0 soundfile-0.14.0 soxr-1.1.0 spaces-0.51.1 starlette-1.6.0 sympy-1.14.0 tensorboardX-2.6.5 textsearch-0.0.24 threadpoolctl-3.6.0 tiktoken-0.14.0 tokenizers-0.22.2 tomlkit-0.14.0 torch-2.13.0 torch_complex-0.4.4 torchaudio-2.11.0 torchcodec-0.16.0 tqdm-4.70.0 transformers-5.15.0 triton-3.7.1 typeguard-4.6.0 typer-0.27.1 typing-extensions-4.16.0 typing-inspection-0.4.4 umap_learn-0.5.12 urllib3-2.7.0 uvicorn-0.52.3 voxcpm-2.0.3 websockets-17.0.1 wetext-0.1.6 xxhash-4.0.1 yarl-1.24.5
